Testing: http://sms.indiaitinfotech.com/sendsms.jsp?user=pgpparty&password=****&senderid=abcdef&mobiles=7737070807&sms=TestSMS
Response: 
<smslist>
<sms>
<status>error</status>
<code>1002</code>
<reason>InvalidSenderid</reason>
<clientsmsid>0</clientsmsid>
<messageid>-1</messageid>
<mobileno>0</mobileno>
</sms>
</smslist>

